// Vitest Snapshot v1, https://vitest.dev/guide/snapshot.html

exports[`WTooltip > renders properly 1`] = `
<div
  class="group inline relative p-sm -m-sm"
  data-v-38c68585=""
>
  
  <p>
    Text
  </p>
  
  <div
    class="bottom-lg -translate-x-[50%] tooltip-container hidden min-w-max py-md px-md rounded-lg group-hover:inline group-hover:opacity-100 text-sm rounded-md absolute"
    data-v-38c68585=""
  >
    
    <p
      class="text-white-50"
    >
      Text info
    </p>
    
  </div>
</div>
`;
