// Vitest Snapshot v1, https://vitest.dev/guide/snapshot.html

exports[`WTable > renders properly 1`] = `
<div
  data-v-app=""
>
  
  <table
    class="sm:divide-y-0 sm:w-full bg-white-100 dark:bg-black-800 rounded-[24px] w-full divide-y divide-white-200 dark:divide-white-500 text-black-500 dark:text-white-200 mb-md"
    data-v-a63dd56f=""
  >
    <thead
      class="sm:hidden text-xs dark:text-white-200 text-black-500"
      data-v-a63dd56f=""
    >
      <tr
        data-v-a63dd56f=""
      >
        
        <th
          class="px-md py-md text-start cursor-pointer last:flex last:justify-end"
          data-v-a63dd56f=""
          scope="col"
        >
          <p
            data-v-a63dd56f=""
          >
            Rank 
            <span
              data-v-a63dd56f=""
            >
              <!--v-if-->
            </span>
          </p>
        </th>
        <th
          class="px-md py-md text-start cursor-pointer last:flex last:justify-end"
          data-v-a63dd56f=""
          scope="col"
        >
          <p
            data-v-a63dd56f=""
          >
            Address 
            <span
              data-v-a63dd56f=""
            >
              <svg
                class="color w-[10px] h-auto pl-xs inline w-[10px] h-auto pl-xs inline"
                data-v-a63dd56f=""
                data-v-c15836e8=""
                fill="none"
                height="11"
                viewBox="0 0 11 11"
                width="11"
                xmlns="http://www.w3.org/2000/svg"
              >
                <path
                  d="M6.799 9.75a1.5 1.5 0 0 1-2.598 0L.304 3A1.5 1.5 0 0 1 1.603.75h7.794a1.5 1.5 0 0 1 1.3 2.25z"
                  fill="#D9D9D9"
                />
              </svg>
            </span>
          </p>
        </th>
        <th
          class="px-md py-md text-start cursor-pointer last:flex last:justify-end"
          data-v-a63dd56f=""
          scope="col"
        >
          <p
            data-v-a63dd56f=""
          >
            Amount 
            <span
              data-v-a63dd56f=""
            >
              <svg
                class="color w-[10px] h-auto pl-xs inline w-[10px] h-auto pl-xs inline"
                data-v-a63dd56f=""
                data-v-c15836e8=""
                fill="none"
                height="11"
                viewBox="0 0 11 11"
                width="11"
                xmlns="http://www.w3.org/2000/svg"
              >
                <path
                  d="M6.799 9.75a1.5 1.5 0 0 1-2.598 0L.304 3A1.5 1.5 0 0 1 1.603.75h7.794a1.5 1.5 0 0 1 1.3 2.25z"
                  fill="#D9D9D9"
                />
              </svg>
            </span>
          </p>
        </th>
        
      </tr>
    </thead>
    <tbody
      data-v-a63dd56f=""
    >
      
      <tr
        class="sm:grid sm:grid-col-1 transition-all duration-200 last:rounded-b-[24px]"
        data-v-a63dd56f=""
      >
        
        <div
          class="hidden w-full py-md sm:grid"
          data-v-a63dd56f=""
        >
          <th
            class="label"
            data-v-a63dd56f=""
          >
            Rank
          </th>
          <td
            class="px-md py-md [&&]:sm:pt-sm break-all"
            data-v-a63dd56f=""
          >
            <span
              class="w-full"
              data-v-a63dd56f=""
            >
              1
            </span>
          </td>
        </div>
        <div
          class="hidden w-full py-md sm:grid"
          data-v-a63dd56f=""
        >
          <th
            class="label"
            data-v-a63dd56f=""
          >
            Address
          </th>
          <td
            class="px-md py-md [&&]:sm:pt-sm break-all"
            data-v-a63dd56f=""
          >
            <a
              class="text-wit-blue-600 dark:text-wit-blue-500 hover:underline w-full"
              data-v-a63dd56f=""
              href="https://"
              target="_blank"
            >
              wit1hp8xnclrhm4j5lrzxwnxurdetzsjqw88kwr06k 
              <span>
                &gt;
              </span>
            </a>
          </td>
        </div>
        <div
          class="hidden w-full py-md sm:grid"
          data-v-a63dd56f=""
        >
          <th
            class="label"
            data-v-a63dd56f=""
          >
            Amount
          </th>
          <td
            class="px-md py-md [&&]:sm:pt-sm break-all"
            data-v-a63dd56f=""
          >
            <span
              class="w-full"
              data-v-a63dd56f=""
            >
              1
            </span>
          </td>
        </div>
        
        
        <td
          class="sm:hidden w-[1px] whitespace-nowrap desktop-td px-md py-md [&&]:sm:pt-sm last:text-end"
          data-v-a63dd56f=""
        >
          <span
            class="w-max"
            data-v-a63dd56f=""
          >
            1
          </span>
        </td>
        <td
          class="sm:hidden w-[1px] whitespace-nowrap desktop-td px-md py-md [&&]:sm:pt-sm last:text-end"
          data-v-a63dd56f=""
        >
          <a
            class="text-wit-blue-600 dark:text-wit-blue-500 hover:underline w-max"
            data-v-a63dd56f=""
            href="https://"
            target="_blank"
          >
            wit1hp8xnclrhm4j5lrzxwnxurdetzsjqw88kwr06k 
            <span>
              &gt;
            </span>
          </a>
        </td>
        <td
          class="sm:hidden w-[1px] whitespace-nowrap desktop-td px-md py-md [&&]:sm:pt-sm last:text-end"
          data-v-a63dd56f=""
        >
          <span
            class="w-max"
            data-v-a63dd56f=""
          >
            1
          </span>
        </td>
        
      </tr>
      <tr
        class="sm:grid sm:grid-col-1 md2:bg-white-200 md2:dark:bg-black-600 transition-all duration-200 last:rounded-b-[24px]"
        data-v-a63dd56f=""
      >
        
        <div
          class="hidden w-full py-md sm:grid"
          data-v-a63dd56f=""
        >
          <th
            class="label"
            data-v-a63dd56f=""
          >
            Rank
          </th>
          <td
            class="px-md py-md [&&]:sm:pt-sm break-all"
            data-v-a63dd56f=""
          >
            <span
              class="w-full"
              data-v-a63dd56f=""
            >
              2
            </span>
          </td>
        </div>
        <div
          class="hidden w-full py-md sm:grid"
          data-v-a63dd56f=""
        >
          <th
            class="label"
            data-v-a63dd56f=""
          >
            Address
          </th>
          <td
            class="px-md py-md [&&]:sm:pt-sm break-all"
            data-v-a63dd56f=""
          >
            <a
              class="text-wit-blue-600 dark:text-wit-blue-500 hover:underline w-full"
              data-v-a63dd56f=""
              href="https://"
              target="_blank"
            >
              wit2hp8xnclrhm4j5lrzxwnxurdetzsjqw88kwr06k 
              <span>
                &gt;
              </span>
            </a>
          </td>
        </div>
        <div
          class="hidden w-full py-md sm:grid"
          data-v-a63dd56f=""
        >
          <th
            class="label"
            data-v-a63dd56f=""
          >
            Amount
          </th>
          <td
            class="px-md py-md [&&]:sm:pt-sm break-all"
            data-v-a63dd56f=""
          >
            <span
              class="w-full"
              data-v-a63dd56f=""
            >
              2
            </span>
          </td>
        </div>
        
        
        <td
          class="sm:hidden w-[1px] whitespace-nowrap bg-white-200 dark:bg-black-600 desktop-td px-md py-md [&&]:sm:pt-sm last:text-end"
          data-v-a63dd56f=""
        >
          <span
            class="w-max"
            data-v-a63dd56f=""
          >
            2
          </span>
        </td>
        <td
          class="sm:hidden w-[1px] whitespace-nowrap bg-white-200 dark:bg-black-600 desktop-td px-md py-md [&&]:sm:pt-sm last:text-end"
          data-v-a63dd56f=""
        >
          <a
            class="text-wit-blue-600 dark:text-wit-blue-500 hover:underline w-max"
            data-v-a63dd56f=""
            href="https://"
            target="_blank"
          >
            wit2hp8xnclrhm4j5lrzxwnxurdetzsjqw88kwr06k 
            <span>
              &gt;
            </span>
          </a>
        </td>
        <td
          class="sm:hidden w-[1px] whitespace-nowrap bg-white-200 dark:bg-black-600 desktop-td px-md py-md [&&]:sm:pt-sm last:text-end"
          data-v-a63dd56f=""
        >
          <span
            class="w-max"
            data-v-a63dd56f=""
          >
            2
          </span>
        </td>
        
      </tr>
      <tr
        class="sm:grid sm:grid-col-1 transition-all duration-200 last:rounded-b-[24px]"
        data-v-a63dd56f=""
      >
        
        <div
          class="hidden w-full py-md sm:grid"
          data-v-a63dd56f=""
        >
          <th
            class="label"
            data-v-a63dd56f=""
          >
            Rank
          </th>
          <td
            class="px-md py-md [&&]:sm:pt-sm break-all"
            data-v-a63dd56f=""
          >
            <span
              class="w-full"
              data-v-a63dd56f=""
            >
              3
            </span>
          </td>
        </div>
        <div
          class="hidden w-full py-md sm:grid"
          data-v-a63dd56f=""
        >
          <th
            class="label"
            data-v-a63dd56f=""
          >
            Address
          </th>
          <td
            class="px-md py-md [&&]:sm:pt-sm break-all"
            data-v-a63dd56f=""
          >
            <a
              class="text-wit-blue-600 dark:text-wit-blue-500 hover:underline w-full"
              data-v-a63dd56f=""
              href="https://"
              target="_blank"
            >
              wit3hp8xnclrhm4j5lrzxwnxurdetzsjqw88kwr06k 
              <span>
                &gt;
              </span>
            </a>
          </td>
        </div>
        <div
          class="hidden w-full py-md sm:grid"
          data-v-a63dd56f=""
        >
          <th
            class="label"
            data-v-a63dd56f=""
          >
            Amount
          </th>
          <td
            class="px-md py-md [&&]:sm:pt-sm break-all"
            data-v-a63dd56f=""
          >
            <span
              class="w-full"
              data-v-a63dd56f=""
            >
              3
            </span>
          </td>
        </div>
        
        
        <td
          class="sm:hidden w-[1px] whitespace-nowrap desktop-td px-md py-md [&&]:sm:pt-sm last:text-end"
          data-v-a63dd56f=""
        >
          <span
            class="w-max"
            data-v-a63dd56f=""
          >
            3
          </span>
        </td>
        <td
          class="sm:hidden w-[1px] whitespace-nowrap desktop-td px-md py-md [&&]:sm:pt-sm last:text-end"
          data-v-a63dd56f=""
        >
          <a
            class="text-wit-blue-600 dark:text-wit-blue-500 hover:underline w-max"
            data-v-a63dd56f=""
            href="https://"
            target="_blank"
          >
            wit3hp8xnclrhm4j5lrzxwnxurdetzsjqw88kwr06k 
            <span>
              &gt;
            </span>
          </a>
        </td>
        <td
          class="sm:hidden w-[1px] whitespace-nowrap desktop-td px-md py-md [&&]:sm:pt-sm last:text-end"
          data-v-a63dd56f=""
        >
          <span
            class="w-max"
            data-v-a63dd56f=""
          >
            3
          </span>
        </td>
        
      </tr>
      
    </tbody>
  </table>
  <!--v-if-->
  
</div>
`;
